
  Pch.cpp
C:\Users\taiza\OneDrive\繝・せ繧ｯ繝医ャ繝予蜍牙ｼｷ\DX12\Source\Pch.h(1,1): warning C4819: 繝輔ぃ繧､繝ｫ縺ｯ縲∫樟蝨ｨ縺ｮ繧ｳ繝ｼ繝・繝壹・繧ｸ (932) 縺ｧ陦ｨ遉ｺ縺ｧ縺阪↑縺・枚蟄励ｒ蜷ｫ繧薙〒縺・∪縺吶ゅョ繝ｼ繧ｿ縺ｮ謳榊､ｱ繧帝亟縺舌◆繧√↓縲√ヵ繧｡繧､繝ｫ繧・Unicode 蠖｢蠑上〒菫晏ｭ倥＠縺ｦ縺上□縺輔＞縲・[C:\Users\taiza\OneDrive\繝・せ繧ｯ繝医ャ繝予蜍牙ｼｷ\DX12\DX12Framework.vcxproj]
  (繧ｽ繝ｼ繧ｹ 繝輔ぃ繧､繝ｫ 'Source/Pch.cpp' 繧偵さ繝ｳ繝代う繝ｫ縺励※縺・∪縺・
  
C:\Program Files\Microsoft Visual Studio\2022\Community\VC\Tools\MSVC\14.42.34433\include\filesystem(12): warning STL4038: The contents of <filesystem> are available only with C++17 or later. [C:\Users\taiza\OneDrive\繝・せ繧ｯ繝医ャ繝予蜍牙ｼｷ\DX12\DX12Framework.vcxproj]
C:\Users\taiza\OneDrive\繝・せ繧ｯ繝医ャ繝予蜍牙ｼｷ\DX12\Source\Graphics\Device\GraphicsDevice.h(1,1): warning C4819: 繝輔ぃ繧､繝ｫ縺ｯ縲∫樟蝨ｨ縺ｮ繧ｳ繝ｼ繝・繝壹・繧ｸ (932) 縺ｧ陦ｨ遉ｺ縺ｧ縺阪↑縺・枚蟄励ｒ蜷ｫ繧薙〒縺・∪縺吶ゅョ繝ｼ繧ｿ縺ｮ謳榊､ｱ繧帝亟縺舌◆繧√↓縲√ヵ繧｡繧､繝ｫ繧・Unicode 蠖｢蠑上〒菫晏ｭ倥＠縺ｦ縺上□縺輔＞縲・[C:\Users\taiza\OneDrive\繝・せ繧ｯ繝医ャ繝予蜍牙ｼｷ\DX12\DX12Framework.vcxproj]
  (繧ｽ繝ｼ繧ｹ 繝輔ぃ繧､繝ｫ 'Source/Pch.cpp' 繧偵さ繝ｳ繝代う繝ｫ縺励※縺・∪縺・
  
C:\Users\taiza\OneDrive\繝・せ繧ｯ繝医ャ繝予蜍牙ｼｷ\DX12\Source\System\GDF\GDF.h(1,1): warning C4819: 繝輔ぃ繧､繝ｫ縺ｯ縲∫樟蝨ｨ縺ｮ繧ｳ繝ｼ繝・繝壹・繧ｸ (932) 縺ｧ陦ｨ遉ｺ縺ｧ縺阪↑縺・枚蟄励ｒ蜷ｫ繧薙〒縺・∪縺吶ゅョ繝ｼ繧ｿ縺ｮ謳榊､ｱ繧帝亟縺舌◆繧√↓縲√ヵ繧｡繧､繝ｫ繧・Unicode 蠖｢蠑上〒菫晏ｭ倥＠縺ｦ縺上□縺輔＞縲・[C:\Users\taiza\OneDrive\繝・せ繧ｯ繝医ャ繝予蜍牙ｼｷ\DX12\DX12Framework.vcxproj]
  (繧ｽ繝ｼ繧ｹ 繝輔ぃ繧､繝ｫ 'Source/Pch.cpp' 繧偵さ繝ｳ繝代う繝ｫ縺励※縺・∪縺・
  
C:\Users\taiza\OneDrive\繝・せ繧ｯ繝医ャ繝予蜍牙ｼｷ\DX12\Source\ECS\ECS.h(1,1): warning C4819: 繝輔ぃ繧､繝ｫ縺ｯ縲∫樟蝨ｨ縺ｮ繧ｳ繝ｼ繝・繝壹・繧ｸ (932) 縺ｧ陦ｨ遉ｺ縺ｧ縺阪↑縺・枚蟄励ｒ蜷ｫ繧薙〒縺・∪縺吶ゅョ繝ｼ繧ｿ縺ｮ謳榊､ｱ繧帝亟縺舌◆繧√↓縲√ヵ繧｡繧､繝ｫ繧・Unicode 蠖｢蠑上〒菫晏ｭ倥＠縺ｦ縺上□縺輔＞縲・[C:\Users\taiza\OneDrive\繝・せ繧ｯ繝医ャ繝予蜍牙ｼｷ\DX12\DX12Framework.vcxproj]
  (繧ｽ繝ｼ繧ｹ 繝輔ぃ繧､繝ｫ 'Source/Pch.cpp' 繧偵さ繝ｳ繝代う繝ｫ縺励※縺・∪縺・
  
C:\Users\taiza\OneDrive\繝・せ繧ｯ繝医ャ繝予蜍牙ｼｷ\DX12\Source\ECS\Entity\Entity.h(1,1): warning C4819: 繝輔ぃ繧､繝ｫ縺ｯ縲∫樟蝨ｨ縺ｮ繧ｳ繝ｼ繝・繝壹・繧ｸ (932) 縺ｧ陦ｨ遉ｺ縺ｧ縺阪↑縺・枚蟄励ｒ蜷ｫ繧薙〒縺・∪縺吶ゅョ繝ｼ繧ｿ縺ｮ謳榊､ｱ繧帝亟縺舌◆繧√↓縲√ヵ繧｡繧､繝ｫ繧・Unicode 蠖｢蠑上〒菫晏ｭ倥＠縺ｦ縺上□縺輔＞縲・[C:\Users\taiza\OneDrive\繝・せ繧ｯ繝医ャ繝予蜍牙ｼｷ\DX12\DX12Framework.vcxproj]
  (繧ｽ繝ｼ繧ｹ 繝輔ぃ繧､繝ｫ 'Source/Pch.cpp' 繧偵さ繝ｳ繝代う繝ｫ縺励※縺・∪縺・
  
C:\Users\taiza\OneDrive\繝・せ繧ｯ繝医ャ繝予蜍牙ｼｷ\DX12\Source\ECS\Entity\Entity.h(45,3): error C2001: 螳壽焚縺・2 陦檎岼縺ｫ邯壹＞縺ｦ縺・∪縺吶・[C:\Users\taiza\OneDrive\繝・せ繧ｯ繝医ャ繝予蜍牙ｼｷ\DX12\DX12Framework.vcxproj]
  (繧ｽ繝ｼ繧ｹ 繝輔ぃ繧､繝ｫ 'Source/Pch.cpp' 繧偵さ繝ｳ繝代う繝ｫ縺励※縺・∪縺・
  
C:\Users\taiza\OneDrive\繝・せ繧ｯ繝医ャ繝予蜍牙ｼｷ\DX12\Source\ECS\Entity\Entity.h(54,1): error C2001: 螳壽焚縺・2 陦檎岼縺ｫ邯壹＞縺ｦ縺・∪縺吶・[C:\Users\taiza\OneDrive\繝・せ繧ｯ繝医ャ繝予蜍牙ｼｷ\DX12\DX12Framework.vcxproj]
  (繧ｽ繝ｼ繧ｹ 繝輔ぃ繧､繝ｫ 'Source/Pch.cpp' 繧偵さ繝ｳ繝代う繝ｫ縺励※縺・∪縺・
  
C:\Users\taiza\OneDrive\繝・せ繧ｯ繝医ャ繝予蜍牙ｼｷ\DX12\Source\ECS\Entity\Entity.h(61,1): error C2001: 螳壽焚縺・2 陦檎岼縺ｫ邯壹＞縺ｦ縺・∪縺吶・[C:\Users\taiza\OneDrive\繝・せ繧ｯ繝医ャ繝予蜍牙ｼｷ\DX12\DX12Framework.vcxproj]
  (繧ｽ繝ｼ繧ｹ 繝輔ぃ繧､繝ｫ 'Source/Pch.cpp' 繧偵さ繝ｳ繝代う繝ｫ縺励※縺・∪縺・
  
C:\Users\taiza\OneDrive\繝・せ繧ｯ繝医ャ繝予蜍牙ｼｷ\DX12\Source\ECS\Entity\Entity.h(45,1): error C1057: 繝槭け繝ｭ螻暮幕荳ｭ縺ｫ莠域悄縺帙〓 EOF 繧呈､懷・縺励∪縺励◆縲・[C:\Users\taiza\OneDrive\繝・せ繧ｯ繝医ャ繝予蜍牙ｼｷ\DX12\DX12Framework.vcxproj]
  (繧ｽ繝ｼ繧ｹ 繝輔ぃ繧､繝ｫ 'Source/Pch.cpp' 繧偵さ繝ｳ繝代う繝ｫ縺励※縺・∪縺・
  
